Testing CPU: Cortex-M0 run-time: light-cortex-m0
With boot_mem = flash stack_mem = ram:
Symbol 'Reset_Handler' defined in 'flash'
Symbol '__heap_start' defined in 'ram'
Symbol '__heap_end' defined in 'ram'
Symbol '__stack_start' defined in 'ram'
Symbol '__stack_end' defined in 'ram'
With boot_mem = flash stack_mem = ccm:
Symbol 'Reset_Handler' defined in 'flash'
Symbol '__heap_start' defined in 'ram'
Symbol '__heap_end' defined in 'ram'
Symbol '__stack_start' defined in 'ccm'
Symbol '__stack_end' defined in 'ccm'
With boot_mem = ram stack_mem = ram:
Symbol 'Reset_Handler' defined in 'ram'
Symbol '__heap_start' defined in 'ram'
Symbol '__heap_end' defined in 'ram'
Symbol '__stack_start' defined in 'ram'
Symbol '__stack_end' defined in 'ram'
With boot_mem = ram stack_mem = ccm:
Symbol 'Reset_Handler' defined in 'ram'
Symbol '__heap_start' defined in 'ram'
Symbol '__heap_end' defined in 'ram'
Symbol '__stack_start' defined in 'ccm'
Symbol '__stack_end' defined in 'ccm'

Testing CPU: Cortex-M0+ run-time: light-cortex-m0p
With boot_mem = flash stack_mem = ram:
Symbol 'Reset_Handler' defined in 'flash'
Symbol '__heap_start' defined in 'ram'
Symbol '__heap_end' defined in 'ram'
Symbol '__stack_start' defined in 'ram'
Symbol '__stack_end' defined in 'ram'
With boot_mem = flash stack_mem = ccm:
Symbol 'Reset_Handler' defined in 'flash'
Symbol '__heap_start' defined in 'ram'
Symbol '__heap_end' defined in 'ram'
Symbol '__stack_start' defined in 'ccm'
Symbol '__stack_end' defined in 'ccm'
With boot_mem = ram stack_mem = ram:
Symbol 'Reset_Handler' defined in 'ram'
Symbol '__heap_start' defined in 'ram'
Symbol '__heap_end' defined in 'ram'
Symbol '__stack_start' defined in 'ram'
Symbol '__stack_end' defined in 'ram'
With boot_mem = ram stack_mem = ccm:
Symbol 'Reset_Handler' defined in 'ram'
Symbol '__heap_start' defined in 'ram'
Symbol '__heap_end' defined in 'ram'
Symbol '__stack_start' defined in 'ccm'
Symbol '__stack_end' defined in 'ccm'

Testing CPU: Cortex-M1 run-time: light-cortex-m1
With boot_mem = flash stack_mem = ram:
Symbol 'Reset_Handler' defined in 'flash'
Symbol '__heap_start' defined in 'ram'
Symbol '__heap_end' defined in 'ram'
Symbol '__stack_start' defined in 'ram'
Symbol '__stack_end' defined in 'ram'
With boot_mem = flash stack_mem = ccm:
Symbol 'Reset_Handler' defined in 'flash'
Symbol '__heap_start' defined in 'ram'
Symbol '__heap_end' defined in 'ram'
Symbol '__stack_start' defined in 'ccm'
Symbol '__stack_end' defined in 'ccm'
With boot_mem = ram stack_mem = ram:
Symbol 'Reset_Handler' defined in 'ram'
Symbol '__heap_start' defined in 'ram'
Symbol '__heap_end' defined in 'ram'
Symbol '__stack_start' defined in 'ram'
Symbol '__stack_end' defined in 'ram'
With boot_mem = ram stack_mem = ccm:
Symbol 'Reset_Handler' defined in 'ram'
Symbol '__heap_start' defined in 'ram'
Symbol '__heap_end' defined in 'ram'
Symbol '__stack_start' defined in 'ccm'
Symbol '__stack_end' defined in 'ccm'

Testing CPU: Cortex-M3 run-time: light-cortex-m3
With boot_mem = flash stack_mem = ram:
Symbol 'Reset_Handler' defined in 'flash'
Symbol '__heap_start' defined in 'ram'
Symbol '__heap_end' defined in 'ram'
Symbol '__stack_start' defined in 'ram'
Symbol '__stack_end' defined in 'ram'
With boot_mem = flash stack_mem = ccm:
Symbol 'Reset_Handler' defined in 'flash'
Symbol '__heap_start' defined in 'ram'
Symbol '__heap_end' defined in 'ram'
Symbol '__stack_start' defined in 'ccm'
Symbol '__stack_end' defined in 'ccm'
With boot_mem = ram stack_mem = ram:
Symbol 'Reset_Handler' defined in 'ram'
Symbol '__heap_start' defined in 'ram'
Symbol '__heap_end' defined in 'ram'
Symbol '__stack_start' defined in 'ram'
Symbol '__stack_end' defined in 'ram'
With boot_mem = ram stack_mem = ccm:
Symbol 'Reset_Handler' defined in 'ram'
Symbol '__heap_start' defined in 'ram'
Symbol '__heap_end' defined in 'ram'
Symbol '__stack_start' defined in 'ccm'
Symbol '__stack_end' defined in 'ccm'

Testing CPU: Cortex-M4 run-time: light-cortex-m4
With boot_mem = flash stack_mem = ram:
Symbol 'Reset_Handler' defined in 'flash'
Symbol '__heap_start' defined in 'ram'
Symbol '__heap_end' defined in 'ram'
Symbol '__stack_start' defined in 'ram'
Symbol '__stack_end' defined in 'ram'
With boot_mem = flash stack_mem = ccm:
Symbol 'Reset_Handler' defined in 'flash'
Symbol '__heap_start' defined in 'ram'
Symbol '__heap_end' defined in 'ram'
Symbol '__stack_start' defined in 'ccm'
Symbol '__stack_end' defined in 'ccm'
With boot_mem = ram stack_mem = ram:
Symbol 'Reset_Handler' defined in 'ram'
Symbol '__heap_start' defined in 'ram'
Symbol '__heap_end' defined in 'ram'
Symbol '__stack_start' defined in 'ram'
Symbol '__stack_end' defined in 'ram'
With boot_mem = ram stack_mem = ccm:
Symbol 'Reset_Handler' defined in 'ram'
Symbol '__heap_start' defined in 'ram'
Symbol '__heap_end' defined in 'ram'
Symbol '__stack_start' defined in 'ccm'
Symbol '__stack_end' defined in 'ccm'

Testing CPU: Cortex-M4F run-time: light-cortex-m4f
With boot_mem = flash stack_mem = ram:
Symbol 'Reset_Handler' defined in 'flash'
Symbol '__heap_start' defined in 'ram'
Symbol '__heap_end' defined in 'ram'
Symbol '__stack_start' defined in 'ram'
Symbol '__stack_end' defined in 'ram'
With boot_mem = flash stack_mem = ccm:
Symbol 'Reset_Handler' defined in 'flash'
Symbol '__heap_start' defined in 'ram'
Symbol '__heap_end' defined in 'ram'
Symbol '__stack_start' defined in 'ccm'
Symbol '__stack_end' defined in 'ccm'
With boot_mem = ram stack_mem = ram:
Symbol 'Reset_Handler' defined in 'ram'
Symbol '__heap_start' defined in 'ram'
Symbol '__heap_end' defined in 'ram'
Symbol '__stack_start' defined in 'ram'
Symbol '__stack_end' defined in 'ram'
With boot_mem = ram stack_mem = ccm:
Symbol 'Reset_Handler' defined in 'ram'
Symbol '__heap_start' defined in 'ram'
Symbol '__heap_end' defined in 'ram'
Symbol '__stack_start' defined in 'ccm'
Symbol '__stack_end' defined in 'ccm'
