with interrupts:
ID: 0 Name: unknown_interrupt
ID: 1 Name: unknown_interrupt
ID: 2 Name: int_2_name
ID: 3 Name: unknown_interrupt
ID: 4 Name: unknown_interrupt
ID: 5 Name: unknown_interrupt
ID: 6 Name: int_6_name
ID: 7 Name: unknown_interrupt
ID: 8 Name: unknown_interrupt
ID: 9 Name: unknown_interrupt
ID: 10 Name: int_10_name
ID: 11 Name: unknown_interrupt
ID: 12 Name: unknown_interrupt
ID: 13 Name: unknown_interrupt
ID: 14 Name: unknown_interrupt
ID: 15 Name: unknown_interrupt
ID: 16 Name: unknown_interrupt
ID: 17 Name: unknown_interrupt
ID: 18 Name: unknown_interrupt
ID: 19 Name: unknown_interrupt
ID: 20 Name: unknown_interrupt
ID: 21 Name: unknown_interrupt
ID: 22 Name: unknown_interrupt
ID: 23 Name: unknown_interrupt
ID: 24 Name: unknown_interrupt
without interrupts:
