--- Template tags ---
test_user_tag_1 => 42
test_user_tag_2 => 42
FLOAT_HANDLING => SOFT
BOOT_FROM_ROM => TRUE
BOOT_MEM => ("rom1")
BOOT_MEM_ADDR => ("0x10")
BOOT_MEM_SIZE => ("0x1")
MAIN_RAM => ()
MAIN_RAM_ADDR => ()
MAIN_RAM_SIZE => ()
RAM_REGION => ()
RAM_ADDR => ()
RAM_SIZE => ()
ROM_REGION => ()
ROM_ADDR => ()
ROM_SIZE => ()
MAIN_STACK_SIZE => ("0x1000")
MAIN_STACK_REGION => ()
INTERRUPT_NAME => ()
INTERRUPT_ID => ()
---------------------
CPU: cortex-m4f
Float_Handling: SOFT
Name    : rom1
Address : 0x10
Size    : 0x1
Kind    : ROM
