Testing run-time: light-rv64imac
With boot_mem = flash stack_mem = ram:
Symbol '_start' defined in 'flash'
Symbol '__global_pointer$' defined in 'ram'
Symbol '__stack_start' defined in 'ram'
Symbol '__stack_end' defined in 'ram'
Symbol '__heap_start' defined in 'ram'
Symbol '__heap_end' defined in 'ram'
With boot_mem = flash stack_mem = ccm:
Symbol '_start' defined in 'flash'
Symbol '__global_pointer$' defined in 'ram'
Symbol '__stack_start' defined in 'ccm'
Symbol '__stack_end' defined in 'ccm'
Symbol '__heap_start' defined in 'ram'
Symbol '__heap_end' defined in 'ram'
With boot_mem = ram stack_mem = ram:
Symbol '_start' defined in 'ram'
Symbol '__global_pointer$' defined in 'ram'
Symbol '__stack_start' defined in 'ram'
Symbol '__stack_end' defined in 'ram'
Symbol '__heap_start' defined in 'ram'
Symbol '__heap_end' defined in 'ram'
With boot_mem = ram stack_mem = ccm:
Symbol '_start' defined in 'ram'
Symbol '__global_pointer$' defined in 'ram'
Symbol '__stack_start' defined in 'ccm'
Symbol '__stack_end' defined in 'ccm'
Symbol '__heap_start' defined in 'ram'
Symbol '__heap_end' defined in 'ram'
Testing run-time: light-rv64imafc
With boot_mem = flash stack_mem = ram:
Symbol '_start' defined in 'flash'
Symbol '__global_pointer$' defined in 'ram'
Symbol '__stack_start' defined in 'ram'
Symbol '__stack_end' defined in 'ram'
Symbol '__heap_start' defined in 'ram'
Symbol '__heap_end' defined in 'ram'
With boot_mem = flash stack_mem = ccm:
Symbol '_start' defined in 'flash'
Symbol '__global_pointer$' defined in 'ram'
Symbol '__stack_start' defined in 'ccm'
Symbol '__stack_end' defined in 'ccm'
Symbol '__heap_start' defined in 'ram'
Symbol '__heap_end' defined in 'ram'
With boot_mem = ram stack_mem = ram:
Symbol '_start' defined in 'ram'
Symbol '__global_pointer$' defined in 'ram'
Symbol '__stack_start' defined in 'ram'
Symbol '__stack_end' defined in 'ram'
Symbol '__heap_start' defined in 'ram'
Symbol '__heap_end' defined in 'ram'
With boot_mem = ram stack_mem = ccm:
Symbol '_start' defined in 'ram'
Symbol '__global_pointer$' defined in 'ram'
Symbol '__stack_start' defined in 'ccm'
Symbol '__stack_end' defined in 'ccm'
Symbol '__heap_start' defined in 'ram'
Symbol '__heap_end' defined in 'ram'
Testing run-time: light-rv64imafdc
With boot_mem = flash stack_mem = ram:
Symbol '_start' defined in 'flash'
Symbol '__global_pointer$' defined in 'ram'
Symbol '__stack_start' defined in 'ram'
Symbol '__stack_end' defined in 'ram'
Symbol '__heap_start' defined in 'ram'
Symbol '__heap_end' defined in 'ram'
With boot_mem = flash stack_mem = ccm:
Symbol '_start' defined in 'flash'
Symbol '__global_pointer$' defined in 'ram'
Symbol '__stack_start' defined in 'ccm'
Symbol '__stack_end' defined in 'ccm'
Symbol '__heap_start' defined in 'ram'
Symbol '__heap_end' defined in 'ram'
With boot_mem = ram stack_mem = ram:
Symbol '_start' defined in 'ram'
Symbol '__global_pointer$' defined in 'ram'
Symbol '__stack_start' defined in 'ram'
Symbol '__stack_end' defined in 'ram'
Symbol '__heap_start' defined in 'ram'
Symbol '__heap_end' defined in 'ram'
With boot_mem = ram stack_mem = ccm:
Symbol '_start' defined in 'ram'
Symbol '__global_pointer$' defined in 'ram'
Symbol '__stack_start' defined in 'ccm'
Symbol '__stack_end' defined in 'ccm'
Symbol '__heap_start' defined in 'ram'
Symbol '__heap_end' defined in 'ram'
